------------------------------------------------------------
Timing Analyzer Summary
------------------------------------------------------------

Type  : Slow 1200mV 85C Model Setup 'clockmodifier:clockmodifier_module|clk_out_intem'
Slack : -15.211
TNS   : -334.703

Type  : Slow 1200mV 85C Model Setup 'i_clk'
Slack : -8.901
TNS   : -2286.594

Type  : Slow 1200mV 85C Model Hold 'i_clk'
Slack : 0.452
TNS   : 0.000

Type  : Slow 1200mV 85C Model Hold 'clockmodifier:clockmodifier_module|clk_out_intem'
Slack : 0.562
TNS   : 0.000

Type  : Slow 1200mV 85C Model Minimum Pulse Width 'i_clk'
Slack : -4.000
TNS   : -843.906

Type  : Slow 1200mV 85C Model Minimum Pulse Width 'clockmodifier:clockmodifier_module|clk_out_intem'
Slack : -1.487
TNS   : -101.116

Type  : Slow 1200mV 0C Model Setup 'clockmodifier:clockmodifier_module|clk_out_intem'
Slack : -13.893
TNS   : -300.210

Type  : Slow 1200mV 0C Model Setup 'i_clk'
Slack : -8.133
TNS   : -2093.088

Type  : Slow 1200mV 0C Model Hold 'i_clk'
Slack : 0.401
TNS   : 0.000

Type  : Slow 1200mV 0C Model Hold 'clockmodifier:clockmodifier_module|clk_out_intem'
Slack : 0.493
TNS   : 0.000

Type  : Slow 1200mV 0C Model Minimum Pulse Width 'i_clk'
Slack : -4.000
TNS   : -843.178

Type  : Slow 1200mV 0C Model Minimum Pulse Width 'clockmodifier:clockmodifier_module|clk_out_intem'
Slack : -1.487
TNS   : -101.116

Type  : Fast 1200mV 0C Model Setup 'clockmodifier:clockmodifier_module|clk_out_intem'
Slack : -6.025
TNS   : -109.313

Type  : Fast 1200mV 0C Model Setup 'i_clk'
Slack : -3.405
TNS   : -733.588

Type  : Fast 1200mV 0C Model Hold 'i_clk'
Slack : 0.160
TNS   : 0.000

Type  : Fast 1200mV 0C Model Hold 'clockmodifier:clockmodifier_module|clk_out_intem'
Slack : 0.211
TNS   : 0.000

Type  : Fast 1200mV 0C Model Minimum Pulse Width 'i_clk'
Slack : -3.000
TNS   : -490.020

Type  : Fast 1200mV 0C Model Minimum Pulse Width 'clockmodifier:clockmodifier_module|clk_out_intem'
Slack : -1.000
TNS   : -68.000

------------------------------------------------------------
